Archive member included because of file (symbol)

c:/winavr-20100110/bin/../lib/gcc/avr/4.3.3/../../../../avr/lib/avr4\libm.a(addsf3.o)
                              mpu6050.o (__subsf3)
c:/winavr-20100110/bin/../lib/gcc/avr/4.3.3/../../../../avr/lib/avr4\libm.a(addsf3x.o)
                              c:/winavr-20100110/bin/../lib/gcc/avr/4.3.3/../../../../avr/lib/avr4\libm.a(addsf3.o) (__addsf3x)
c:/winavr-20100110/bin/../lib/gcc/avr/4.3.3/../../../../avr/lib/avr4\libm.a(asin.o)
                              mpu6050.o (asin)
c:/winavr-20100110/bin/../lib/gcc/avr/4.3.3/../../../../avr/lib/avr4\libm.a(atan2.o)
                              mpu6050.o (atan2)
c:/winavr-20100110/bin/../lib/gcc/avr/4.3.3/../../../../avr/lib/avr4\libm.a(atan.o)
                              c:/winavr-20100110/bin/../lib/gcc/avr/4.3.3/../../../../avr/lib/avr4\libm.a(atan2.o) (atan)
c:/winavr-20100110/bin/../lib/gcc/avr/4.3.3/../../../../avr/lib/avr4\libm.a(cmpsf2.o)
                              mpu6050.o (__eqsf2)
c:/winavr-20100110/bin/../lib/gcc/avr/4.3.3/../../../../avr/lib/avr4\libm.a(divsf3.o)
                              mpu6050.o (__divsf3)
c:/winavr-20100110/bin/../lib/gcc/avr/4.3.3/../../../../avr/lib/avr4\libm.a(divsf3x.o)
                              c:/winavr-20100110/bin/../lib/gcc/avr/4.3.3/../../../../avr/lib/avr4\libm.a(divsf3.o) (__divsf3x)
c:/winavr-20100110/bin/../lib/gcc/avr/4.3.3/../../../../avr/lib/avr4\libm.a(fixunssfsi.o)
                              main.o (__fixunssfsi)
c:/winavr-20100110/bin/../lib/gcc/avr/4.3.3/../../../../avr/lib/avr4\libm.a(floatsisf.o)
                              main.o (__floatsisf)
c:/winavr-20100110/bin/../lib/gcc/avr/4.3.3/../../../../avr/lib/avr4\libm.a(fp_arccos.o)
                              c:/winavr-20100110/bin/../lib/gcc/avr/4.3.3/../../../../avr/lib/avr4\libm.a(asin.o) (__fp_arccos)
c:/winavr-20100110/bin/../lib/gcc/avr/4.3.3/../../../../avr/lib/avr4\libm.a(fp_cmp.o)
                              c:/winavr-20100110/bin/../lib/gcc/avr/4.3.3/../../../../avr/lib/avr4\libm.a(cmpsf2.o) (__fp_cmp)
c:/winavr-20100110/bin/../lib/gcc/avr/4.3.3/../../../../avr/lib/avr4\libm.a(fp_inf.o)
                              c:/winavr-20100110/bin/../lib/gcc/avr/4.3.3/../../../../avr/lib/avr4\libm.a(addsf3x.o) (__fp_inf)
c:/winavr-20100110/bin/../lib/gcc/avr/4.3.3/../../../../avr/lib/avr4\libm.a(fp_nan.o)
                              c:/winavr-20100110/bin/../lib/gcc/avr/4.3.3/../../../../avr/lib/avr4\libm.a(addsf3x.o) (__fp_nan)
c:/winavr-20100110/bin/../lib/gcc/avr/4.3.3/../../../../avr/lib/avr4\libm.a(fp_powser.o)
                              c:/winavr-20100110/bin/../lib/gcc/avr/4.3.3/../../../../avr/lib/avr4\libm.a(atan.o) (__fp_powser)
c:/winavr-20100110/bin/../lib/gcc/avr/4.3.3/../../../../avr/lib/avr4\libm.a(fp_powsodd.o)
                              c:/winavr-20100110/bin/../lib/gcc/avr/4.3.3/../../../../avr/lib/avr4\libm.a(asin.o) (__fp_powsodd)
c:/winavr-20100110/bin/../lib/gcc/avr/4.3.3/../../../../avr/lib/avr4\libm.a(fp_pscA.o)
                              c:/winavr-20100110/bin/../lib/gcc/avr/4.3.3/../../../../avr/lib/avr4\libm.a(addsf3x.o) (__fp_pscA)
c:/winavr-20100110/bin/../lib/gcc/avr/4.3.3/../../../../avr/lib/avr4\libm.a(fp_pscB.o)
                              c:/winavr-20100110/bin/../lib/gcc/avr/4.3.3/../../../../avr/lib/avr4\libm.a(addsf3x.o) (__fp_pscB)
c:/winavr-20100110/bin/../lib/gcc/avr/4.3.3/../../../../avr/lib/avr4\libm.a(fp_round.o)
                              c:/winavr-20100110/bin/../lib/gcc/avr/4.3.3/../../../../avr/lib/avr4\libm.a(addsf3.o) (__fp_round)
c:/winavr-20100110/bin/../lib/gcc/avr/4.3.3/../../../../avr/lib/avr4\libm.a(fp_split3.o)
                              c:/winavr-20100110/bin/../lib/gcc/avr/4.3.3/../../../../avr/lib/avr4\libm.a(addsf3x.o) (__fp_split3)
c:/winavr-20100110/bin/../lib/gcc/avr/4.3.3/../../../../avr/lib/avr4\libm.a(fp_zero.o)
                              c:/winavr-20100110/bin/../lib/gcc/avr/4.3.3/../../../../avr/lib/avr4\libm.a(addsf3x.o) (__fp_zero)
c:/winavr-20100110/bin/../lib/gcc/avr/4.3.3/../../../../avr/lib/avr4\libm.a(gesf2.o)
                              main.o (__gtsf2)
c:/winavr-20100110/bin/../lib/gcc/avr/4.3.3/../../../../avr/lib/avr4\libm.a(inverse.o)
                              c:/winavr-20100110/bin/../lib/gcc/avr/4.3.3/../../../../avr/lib/avr4\libm.a(atan.o) (inverse)
c:/winavr-20100110/bin/../lib/gcc/avr/4.3.3/../../../../avr/lib/avr4\libm.a(mulsf3.o)
                              main.o (__mulsf3)
c:/winavr-20100110/bin/../lib/gcc/avr/4.3.3/../../../../avr/lib/avr4\libm.a(mulsf3x.o)
                              c:/winavr-20100110/bin/../lib/gcc/avr/4.3.3/../../../../avr/lib/avr4\libm.a(atan.o) (__mulsf3x)
c:/winavr-20100110/bin/../lib/gcc/avr/4.3.3/../../../../avr/lib/avr4\libm.a(sqrt.o)
                              mpu6050.o (sqrt)
c:/winavr-20100110/bin/../lib/gcc/avr/4.3.3/../../../../avr/lib/avr4\libm.a(square.o)
                              c:/winavr-20100110/bin/../lib/gcc/avr/4.3.3/../../../../avr/lib/avr4\libm.a(atan.o) (square)
c:/winavr-20100110/bin/../lib/gcc/avr/4.3.3/../../../../avr/lib/avr4\libm.a(fp_mpack.o)
                              c:/winavr-20100110/bin/../lib/gcc/avr/4.3.3/../../../../avr/lib/avr4\libm.a(sqrt.o) (__fp_mpack)
c:/winavr-20100110/bin/../lib/gcc/avr/4.3.3/../../../../avr/lib/avr4\libm.a(fp_norm2.o)
                              c:/winavr-20100110/bin/../lib/gcc/avr/4.3.3/../../../../avr/lib/avr4\libm.a(sqrt.o) (__fp_norm2)
c:/winavr-20100110/bin/../lib/gcc/avr/4.3.3/avr4\libgcc.a(_exit.o)
                              c:/winavr-20100110/bin/../lib/gcc/avr/4.3.3/../../../../avr/lib/avr4/crtm8.o (exit)
c:/winavr-20100110/bin/../lib/gcc/avr/4.3.3/avr4\libgcc.a(_copy_data.o)
                              main.o (__do_copy_data)
c:/winavr-20100110/bin/../lib/gcc/avr/4.3.3/avr4\libgcc.a(_clear_bss.o)
                              main.o (__do_clear_bss)
c:/winavr-20100110/bin/../lib/gcc/avr/4.3.3/../../../../avr/lib/avr4\libc.a(strncpy.o)
                              main.o (strncpy)

Allocating common symbols
Common symbol       size              file

display             0x8               main.o
buffer              0xe               mpu6050.o
row                 0x1               main.o

Discarded input sections

 .data          0x00000000        0x0 c:/winavr-20100110/bin/../lib/gcc/avr/4.3.3/../../../../avr/lib/avr4/crtm8.o
 .bss           0x00000000        0x0 c:/winavr-20100110/bin/../lib/gcc/avr/4.3.3/../../../../avr/lib/avr4/crtm8.o
 .text          0x00000000        0x0 main.o
 .data          0x00000000        0x0 main.o
 .bss           0x00000000        0x0 main.o
 .text.set_pixel
                0x00000000        0x0 main.o
 .bss.button2_down
                0x00000000        0x0 main.o
 .text          0x00000000        0x0 mpu6050.o
 .data          0x00000000        0x0 mpu6050.o
 .bss           0x00000000        0x0 mpu6050.o
 .text.mpu6050_getQuaternion
                0x00000000        0x0 mpu6050.o
 .text.mpu6050_getRollPitchYaw
                0x00000000        0x0 mpu6050.o
 .text.mpu6050_setSleepEnabled
                0x00000000        0x0 mpu6050.o
 .text.mpu6050_readBits
                0x00000000        0x0 mpu6050.o
 .text.mpu6050_testConnection
                0x00000000        0x0 mpu6050.o
 .text          0x00000000        0x0 mpu6050dmp6.o
 .data          0x00000000        0x0 mpu6050dmp6.o
 .bss           0x00000000        0x0 mpu6050dmp6.o
 .text          0x00000000        0x0 twimastertimeout.o
 .data          0x00000000        0x0 twimastertimeout.o
 .bss           0x00000000        0x0 twimastertimeout.o
 .text.i2c_start_wait
                0x00000000        0x0 twimastertimeout.o
 .text.i2c_rep_start
                0x00000000        0x0 twimastertimeout.o
 .text          0x00000000        0x0 c:/winavr-20100110/bin/../lib/gcc/avr/4.3.3/../../../../avr/lib/avr4\libm.a(addsf3.o)
 .data          0x00000000        0x0 c:/winavr-20100110/bin/../lib/gcc/avr/4.3.3/../../../../avr/lib/avr4\libm.a(addsf3.o)
 .bss           0x00000000        0x0 c:/winavr-20100110/bin/../lib/gcc/avr/4.3.3/../../../../avr/lib/avr4\libm.a(addsf3.o)
 .text          0x00000000        0x0 c:/winavr-20100110/bin/../lib/gcc/avr/4.3.3/../../../../avr/lib/avr4\libm.a(addsf3x.o)
 .data          0x00000000        0x0 c:/winavr-20100110/bin/../lib/gcc/avr/4.3.3/../../../../avr/lib/avr4\libm.a(addsf3x.o)
 .bss           0x00000000        0x0 c:/winavr-20100110/bin/../lib/gcc/avr/4.3.3/../../../../avr/lib/avr4\libm.a(addsf3x.o)
 .text          0x00000000        0x0 c:/winavr-20100110/bin/../lib/gcc/avr/4.3.3/../../../../avr/lib/avr4\libm.a(asin.o)
 .data          0x00000000        0x0 c:/winavr-20100110/bin/../lib/gcc/avr/4.3.3/../../../../avr/lib/avr4\libm.a(asin.o)
 .bss           0x00000000        0x0 c:/winavr-20100110/bin/../lib/gcc/avr/4.3.3/../../../../avr/lib/avr4\libm.a(asin.o)
 .text.avr-libc.fplib
                0x00000000        0x0 c:/winavr-20100110/bin/../lib/gcc/avr/4.3.3/../../../../avr/lib/avr4\libm.a(asin.o)
 .progmem.gcc_fplib
                0x00000000        0x0 c:/winavr-20100110/bin/../lib/gcc/avr/4.3.3/../../../../avr/lib/avr4\libm.a(asin.o)
 .text          0x00000000        0x0 c:/winavr-20100110/bin/../lib/gcc/avr/4.3.3/../../../../avr/lib/avr4\libm.a(atan2.o)
 .data          0x00000000        0x0 c:/winavr-20100110/bin/../lib/gcc/avr/4.3.3/../../../../avr/lib/avr4\libm.a(atan2.o)
 .bss           0x00000000        0x0 c:/winavr-20100110/bin/../lib/gcc/avr/4.3.3/../../../../avr/lib/avr4\libm.a(atan2.o)
 .text.avr-libc.fplib
                0x00000000        0x0 c:/winavr-20100110/bin/../lib/gcc/avr/4.3.3/../../../../avr/lib/avr4\libm.a(atan2.o)
 .text          0x00000000        0x0 c:/winavr-20100110/bin/../lib/gcc/avr/4.3.3/../../../../avr/lib/avr4\libm.a(atan.o)
 .data          0x00000000        0x0 c:/winavr-20100110/bin/../lib/gcc/avr/4.3.3/../../../../avr/lib/avr4\libm.a(atan.o)
 .bss           0x00000000        0x0 c:/winavr-20100110/bin/../lib/gcc/avr/4.3.3/../../../../avr/lib/avr4\libm.a(atan.o)
 .text.avr-libc.fplib
                0x00000000        0x0 c:/winavr-20100110/bin/../lib/gcc/avr/4.3.3/../../../../avr/lib/avr4\libm.a(atan.o)
 .progmem.gcc_fplib
                0x00000000        0x0 c:/winavr-20100110/bin/../lib/gcc/avr/4.3.3/../../../../avr/lib/avr4\libm.a(atan.o)
 .text          0x00000000        0x0 c:/winavr-20100110/bin/../lib/gcc/avr/4.3.3/../../../../avr/lib/avr4\libm.a(cmpsf2.o)
 .data          0x00000000        0x0 c:/winavr-20100110/bin/../lib/gcc/avr/4.3.3/../../../../avr/lib/avr4\libm.a(cmpsf2.o)
 .bss           0x00000000        0x0 c:/winavr-20100110/bin/../lib/gcc/avr/4.3.3/../../../../avr/lib/avr4\libm.a(cmpsf2.o)
 .text          0x00000000        0x0 c:/winavr-20100110/bin/../lib/gcc/avr/4.3.3/../../../../avr/lib/avr4\libm.a(divsf3.o)
 .data          0x00000000        0x0 c:/winavr-20100110/bin/../lib/gcc/avr/4.3.3/../../../../avr/lib/avr4\libm.a(divsf3.o)
 .bss           0x00000000        0x0 c:/winavr-20100110/bin/../lib/gcc/avr/4.3.3/../../../../avr/lib/avr4\libm.a(divsf3.o)
 .text          0x00000000        0x0 c:/winavr-20100110/bin/../lib/gcc/avr/4.3.3/../../../../avr/lib/avr4\libm.a(divsf3x.o)
 .data          0x00000000        0x0 c:/winavr-20100110/bin/../lib/gcc/avr/4.3.3/../../../../avr/lib/avr4\libm.a(divsf3x.o)
 .bss           0x00000000        0x0 c:/winavr-20100110/bin/../lib/gcc/avr/4.3.3/../../../../avr/lib/avr4\libm.a(divsf3x.o)
 .text          0x00000000        0x0 c:/winavr-20100110/bin/../lib/gcc/avr/4.3.3/../../../../avr/lib/avr4\libm.a(fixunssfsi.o)
 .data          0x00000000        0x0 c:/winavr-20100110/bin/../lib/gcc/avr/4.3.3/../../../../avr/lib/avr4\libm.a(fixunssfsi.o)
 .bss           0x00000000        0x0 c:/winavr-20100110/bin/../lib/gcc/avr/4.3.3/../../../../avr/lib/avr4\libm.a(fixunssfsi.o)
 .text          0x00000000        0x0 c:/winavr-20100110/bin/../lib/gcc/avr/4.3.3/../../../../avr/lib/avr4\libm.a(floatsisf.o)
 .data          0x00000000        0x0 c:/winavr-20100110/bin/../lib/gcc/avr/4.3.3/../../../../avr/lib/avr4\libm.a(floatsisf.o)
 .bss           0x00000000        0x0 c:/winavr-20100110/bin/../lib/gcc/avr/4.3.3/../../../../avr/lib/avr4\libm.a(floatsisf.o)
 .text          0x00000000        0x0 c:/winavr-20100110/bin/../lib/gcc/avr/4.3.3/../../../../avr/lib/avr4\libm.a(fp_arccos.o)
 .data          0x00000000        0x0 c:/winavr-20100110/bin/../lib/gcc/avr/4.3.3/../../../../avr/lib/avr4\libm.a(fp_arccos.o)
 .bss           0x00000000        0x0 c:/winavr-20100110/bin/../lib/gcc/avr/4.3.3/../../../../avr/lib/avr4\libm.a(fp_arccos.o)
 .text.avr-libc.fplib
                0x00000000        0x0 c:/winavr-20100110/bin/../lib/gcc/avr/4.3.3/../../../../avr/lib/avr4\libm.a(fp_arccos.o)
 .progmem.gcc_fplib
                0x00000000        0x0 c:/winavr-20100110/bin/../lib/gcc/avr/4.3.3/../../../../avr/lib/avr4\libm.a(fp_arccos.o)
 .text          0x00000000        0x0 c:/winavr-20100110/bin/../lib/gcc/avr/4.3.3/../../../../avr/lib/avr4\libm.a(fp_cmp.o)
 .data          0x00000000        0x0 c:/winavr-20100110/bin/../lib/gcc/avr/4.3.3/../../../../avr/lib/avr4\libm.a(fp_cmp.o)
 .bss           0x00000000        0x0 c:/winavr-20100110/bin/../lib/gcc/avr/4.3.3/../../../../avr/lib/avr4\libm.a(fp_cmp.o)
 .text          0x00000000        0x0 c:/winavr-20100110/bin/../lib/gcc/avr/4.3.3/../../../../avr/lib/avr4\libm.a(fp_inf.o)
 .data          0x00000000        0x0 c:/winavr-20100110/bin/../lib/gcc/avr/4.3.3/../../../../avr/lib/avr4\libm.a(fp_inf.o)
 .bss           0x00000000        0x0 c:/winavr-20100110/bin/../lib/gcc/avr/4.3.3/../../../../avr/lib/avr4\libm.a(fp_inf.o)
 .text          0x00000000        0x0 c:/winavr-20100110/bin/../lib/gcc/avr/4.3.3/../../../../avr/lib/avr4\libm.a(fp_nan.o)
 .data          0x00000000        0x0 c:/winavr-20100110/bin/../lib/gcc/avr/4.3.3/../../../../avr/lib/avr4\libm.a(fp_nan.o)
 .bss           0x00000000        0x0 c:/winavr-20100110/bin/../lib/gcc/avr/4.3.3/../../../../avr/lib/avr4\libm.a(fp_nan.o)
 .text          0x00000000        0x0 c:/winavr-20100110/bin/../lib/gcc/avr/4.3.3/../../../../avr/lib/avr4\libm.a(fp_powser.o)
 .data          0x00000000        0x0 c:/winavr-20100110/bin/../lib/gcc/avr/4.3.3/../../../../avr/lib/avr4\libm.a(fp_powser.o)
 .bss           0x00000000        0x0 c:/winavr-20100110/bin/../lib/gcc/avr/4.3.3/../../../../avr/lib/avr4\libm.a(fp_powser.o)
 .text.avr-libc.fplib
                0x00000000        0x0 c:/winavr-20100110/bin/../lib/gcc/avr/4.3.3/../../../../avr/lib/avr4\libm.a(fp_powser.o)
 .text          0x00000000        0x0 c:/winavr-20100110/bin/../lib/gcc/avr/4.3.3/../../../../avr/lib/avr4\libm.a(fp_powsodd.o)
 .data          0x00000000        0x0 c:/winavr-20100110/bin/../lib/gcc/avr/4.3.3/../../../../avr/lib/avr4\libm.a(fp_powsodd.o)
 .bss           0x00000000        0x0 c:/winavr-20100110/bin/../lib/gcc/avr/4.3.3/../../../../avr/lib/avr4\libm.a(fp_powsodd.o)
 .text.avr-libc.fplib
                0x00000000        0x0 c:/winavr-20100110/bin/../lib/gcc/avr/4.3.3/../../../../avr/lib/avr4\libm.a(fp_powsodd.o)
 .text          0x00000000        0x0 c:/winavr-20100110/bin/../lib/gcc/avr/4.3.3/../../../../avr/lib/avr4\libm.a(fp_pscA.o)
 .data          0x00000000        0x0 c:/winavr-20100110/bin/../lib/gcc/avr/4.3.3/../../../../avr/lib/avr4\libm.a(fp_pscA.o)
 .bss           0x00000000        0x0 c:/winavr-20100110/bin/../lib/gcc/avr/4.3.3/../../../../avr/lib/avr4\libm.a(fp_pscA.o)
 .text          0x00000000        0x0 c:/winavr-20100110/bin/../lib/gcc/avr/4.3.3/../../../../avr/lib/avr4\libm.a(fp_pscB.o)
 .data          0x00000000        0x0 c:/winavr-20100110/bin/../lib/gcc/avr/4.3.3/../../../../avr/lib/avr4\libm.a(fp_pscB.o)
 .bss           0x00000000        0x0 c:/winavr-20100110/bin/../lib/gcc/avr/4.3.3/../../../../avr/lib/avr4\libm.a(fp_pscB.o)
 .text          0x00000000        0x0 c:/winavr-20100110/bin/../lib/gcc/avr/4.3.3/../../../../avr/lib/avr4\libm.a(fp_round.o)
 .data          0x00000000        0x0 c:/winavr-20100110/bin/../lib/gcc/avr/4.3.3/../../../../avr/lib/avr4\libm.a(fp_round.o)
 .bss           0x00000000        0x0 c:/winavr-20100110/bin/../lib/gcc/avr/4.3.3/../../../../avr/lib/avr4\libm.a(fp_round.o)
 .text          0x00000000        0x0 c:/winavr-20100110/bin/../lib/gcc/avr/4.3.3/../../../../avr/lib/avr4\libm.a(fp_split3.o)
 .data          0x00000000        0x0 c:/winavr-20100110/bin/../lib/gcc/avr/4.3.3/../../../../avr/lib/avr4\libm.a(fp_split3.o)
 .bss           0x00000000        0x0 c:/winavr-20100110/bin/../lib/gcc/avr/4.3.3/../../../../avr/lib/avr4\libm.a(fp_split3.o)
 .text          0x00000000        0x0 c:/winavr-20100110/bin/../lib/gcc/avr/4.3.3/../../../../avr/lib/avr4\libm.a(fp_zero.o)
 .data          0x00000000        0x0 c:/winavr-20100110/bin/../lib/gcc/avr/4.3.3/../../../../avr/lib/avr4\libm.a(fp_zero.o)
 .bss           0x00000000        0x0 c:/winavr-20100110/bin/../lib/gcc/avr/4.3.3/../../../../avr/lib/avr4\libm.a(fp_zero.o)
 .text          0x00000000        0x0 c:/winavr-20100110/bin/../lib/gcc/avr/4.3.3/../../../../avr/lib/avr4\libm.a(gesf2.o)
 .data          0x00000000        0x0 c:/winavr-20100110/bin/../lib/gcc/avr/4.3.3/../../../../avr/lib/avr4\libm.a(gesf2.o)
 .bss           0x00000000        0x0 c:/winavr-20100110/bin/../lib/gcc/avr/4.3.3/../../../../avr/lib/avr4\libm.a(gesf2.o)
 .text          0x00000000        0x0 c:/winavr-20100110/bin/../lib/gcc/avr/4.3.3/../../../../avr/lib/avr4\libm.a(inverse.o)
 .data          0x00000000        0x0 c:/winavr-20100110/bin/../lib/gcc/avr/4.3.3/../../../../avr/lib/avr4\libm.a(inverse.o)
 .bss           0x00000000        0x0 c:/winavr-20100110/bin/../lib/gcc/avr/4.3.3/../../../../avr/lib/avr4\libm.a(inverse.o)
 .text.avr-libc.fplib
                0x00000000        0x0 c:/winavr-20100110/bin/../lib/gcc/avr/4.3.3/../../../../avr/lib/avr4\libm.a(inverse.o)
 .text          0x00000000        0x0 c:/winavr-20100110/bin/../lib/gcc/avr/4.3.3/../../../../avr/lib/avr4\libm.a(mulsf3.o)
 .data          0x00000000        0x0 c:/winavr-20100110/bin/../lib/gcc/avr/4.3.3/../../../../avr/lib/avr4\libm.a(mulsf3.o)
 .bss           0x00000000        0x0 c:/winavr-20100110/bin/../lib/gcc/avr/4.3.3/../../../../avr/lib/avr4\libm.a(mulsf3.o)
 .text          0x00000000        0x0 c:/winavr-20100110/bin/../lib/gcc/avr/4.3.3/../../../../avr/lib/avr4\libm.a(mulsf3x.o)
 .data          0x00000000        0x0 c:/winavr-20100110/bin/../lib/gcc/avr/4.3.3/../../../../avr/lib/avr4\libm.a(mulsf3x.o)
 .bss           0x00000000        0x0 c:/winavr-20100110/bin/../lib/gcc/avr/4.3.3/../../../../avr/lib/avr4\libm.a(mulsf3x.o)
 .text          0x00000000        0x0 c:/winavr-20100110/bin/../lib/gcc/avr/4.3.3/../../../../avr/lib/avr4\libm.a(sqrt.o)
 .data          0x00000000        0x0 c:/winavr-20100110/bin/../lib/gcc/avr/4.3.3/../../../../avr/lib/avr4\libm.a(sqrt.o)
 .bss           0x00000000        0x0 c:/winavr-20100110/bin/../lib/gcc/avr/4.3.3/../../../../avr/lib/avr4\libm.a(sqrt.o)
 .text          0x00000000        0x0 c:/winavr-20100110/bin/../lib/gcc/avr/4.3.3/../../../../avr/lib/avr4\libm.a(square.o)
 .data          0x00000000        0x0 c:/winavr-20100110/bin/../lib/gcc/avr/4.3.3/../../../../avr/lib/avr4\libm.a(square.o)
 .bss           0x00000000        0x0 c:/winavr-20100110/bin/../lib/gcc/avr/4.3.3/../../../../avr/lib/avr4\libm.a(square.o)
 .text.avr-libc.fplib
                0x00000000        0x0 c:/winavr-20100110/bin/../lib/gcc/avr/4.3.3/../../../../avr/lib/avr4\libm.a(square.o)
 .text          0x00000000        0x0 c:/winavr-20100110/bin/../lib/gcc/avr/4.3.3/../../../../avr/lib/avr4\libm.a(fp_mpack.o)
 .data          0x00000000        0x0 c:/winavr-20100110/bin/../lib/gcc/avr/4.3.3/../../../../avr/lib/avr4\libm.a(fp_mpack.o)
 .bss           0x00000000        0x0 c:/winavr-20100110/bin/../lib/gcc/avr/4.3.3/../../../../avr/lib/avr4\libm.a(fp_mpack.o)
 .text          0x00000000        0x0 c:/winavr-20100110/bin/../lib/gcc/avr/4.3.3/../../../../avr/lib/avr4\libm.a(fp_norm2.o)
 .data          0x00000000        0x0 c:/winavr-20100110/bin/../lib/gcc/avr/4.3.3/../../../../avr/lib/avr4\libm.a(fp_norm2.o)
 .bss           0x00000000        0x0 c:/winavr-20100110/bin/../lib/gcc/avr/4.3.3/../../../../avr/lib/avr4\libm.a(fp_norm2.o)
 .text          0x00000000        0x0 c:/winavr-20100110/bin/../lib/gcc/avr/4.3.3/avr4\libgcc.a(_exit.o)
 .data          0x00000000        0x0 c:/winavr-20100110/bin/../lib/gcc/avr/4.3.3/avr4\libgcc.a(_exit.o)
 .bss           0x00000000        0x0 c:/winavr-20100110/bin/../lib/gcc/avr/4.3.3/avr4\libgcc.a(_exit.o)
 .text.libgcc   0x00000000        0x0 c:/winavr-20100110/bin/../lib/gcc/avr/4.3.3/avr4\libgcc.a(_exit.o)
 .text          0x00000000        0x0 c:/winavr-20100110/bin/../lib/gcc/avr/4.3.3/avr4\libgcc.a(_copy_data.o)
 .data          0x00000000        0x0 c:/winavr-20100110/bin/../lib/gcc/avr/4.3.3/avr4\libgcc.a(_copy_data.o)
 .bss           0x00000000        0x0 c:/winavr-20100110/bin/../lib/gcc/avr/4.3.3/avr4\libgcc.a(_copy_data.o)
 .text.libgcc   0x00000000        0x0 c:/winavr-20100110/bin/../lib/gcc/avr/4.3.3/avr4\libgcc.a(_copy_data.o)
 .text          0x00000000        0x0 c:/winavr-20100110/bin/../lib/gcc/avr/4.3.3/avr4\libgcc.a(_clear_bss.o)
 .data          0x00000000        0x0 c:/winavr-20100110/bin/../lib/gcc/avr/4.3.3/avr4\libgcc.a(_clear_bss.o)
 .bss           0x00000000        0x0 c:/winavr-20100110/bin/../lib/gcc/avr/4.3.3/avr4\libgcc.a(_clear_bss.o)
 .text.libgcc   0x00000000        0x0 c:/winavr-20100110/bin/../lib/gcc/avr/4.3.3/avr4\libgcc.a(_clear_bss.o)
 .text          0x00000000        0x0 c:/winavr-20100110/bin/../lib/gcc/avr/4.3.3/../../../../avr/lib/avr4\libc.a(strncpy.o)
 .data          0x00000000        0x0 c:/winavr-20100110/bin/../lib/gcc/avr/4.3.3/../../../../avr/lib/avr4\libc.a(strncpy.o)
 .bss           0x00000000        0x0 c:/winavr-20100110/bin/../lib/gcc/avr/4.3.3/../../../../avr/lib/avr4\libc.a(strncpy.o)

Memory Configuration

Name             Origin             Length             Attributes
text             0x00000000         0x00002000         xr
data             0x00800060         0x0000ffa0         rw !x
eeprom           0x00810000         0x00010000         rw !x
fuse             0x00820000         0x00000400         rw !x
lock             0x00830000         0x00000400         rw !x
signature        0x00840000         0x00000400         rw !x
*default*        0x00000000         0xffffffff

Linker script and memory map

LOAD c:/winavr-20100110/bin/../lib/gcc/avr/4.3.3/../../../../avr/lib/avr4/crtm8.o
LOAD main.o
LOAD mpu6050.o
LOAD mpu6050dmp6.o
LOAD twimastertimeout.o
START GROUP
LOAD c:/winavr-20100110/bin/../lib/gcc/avr/4.3.3/../../../../avr/lib/avr4\libm.a
END GROUP
LOAD c:/winavr-20100110/bin/../lib/gcc/avr/4.3.3/avr4\libgcc.a
LOAD c:/winavr-20100110/bin/../lib/gcc/avr/4.3.3/../../../../avr/lib/avr4\libc.a
LOAD c:/winavr-20100110/bin/../lib/gcc/avr/4.3.3/avr4\libgcc.a

.hash
 *(.hash)

.dynsym
 *(.dynsym)

.dynstr
 *(.dynstr)

.gnu.version
 *(.gnu.version)

.gnu.version_d
 *(.gnu.version_d)

.gnu.version_r
 *(.gnu.version_r)

.rel.init
 *(.rel.init)

.rela.init
 *(.rela.init)

.rel.text
 *(.rel.text)
 *(.rel.text.*)
 *(.rel.gnu.linkonce.t*)

.rela.text
 *(.rela.text)
 *(.rela.text.*)
 *(.rela.gnu.linkonce.t*)

.rel.fini
 *(.rel.fini)

.rela.fini
 *(.rela.fini)

.rel.rodata
 *(.rel.rodata)
 *(.rel.rodata.*)
 *(.rel.gnu.linkonce.r*)

.rela.rodata
 *(.rela.rodata)
 *(.rela.rodata.*)
 *(.rela.gnu.linkonce.r*)

.rel.data
 *(.rel.data)
 *(.rel.data.*)
 *(.rel.gnu.linkonce.d*)

.rela.data
 *(.rela.data)
 *(.rela.data.*)
 *(.rela.gnu.linkonce.d*)

.rel.ctors
 *(.rel.ctors)

.rela.ctors
 *(.rela.ctors)

.rel.dtors
 *(.rel.dtors)

.rela.dtors
 *(.rela.dtors)

.rel.got
 *(.rel.got)

.rela.got
 *(.rela.got)

.rel.bss
 *(.rel.bss)

.rela.bss
 *(.rela.bss)

.rel.plt
 *(.rel.plt)

.rela.plt
 *(.rela.plt)

.text           0x00000000     0x1fb0
 *(.vectors)
 .vectors       0x00000000       0x26 c:/winavr-20100110/bin/../lib/gcc/avr/4.3.3/../../../../avr/lib/avr4/crtm8.o
                0x00000000                __vectors
                0x00000000                __vector_default
 *(.vectors)
 *(.progmem.gcc*)
 *(.progmem*)
                0x00000026                . = ALIGN (0x2)
                0x00000026                __trampolines_start = .
 *(.trampolines)
 .trampolines   0x00000026        0x0 linker stubs
 *(.trampolines*)
                0x00000026                __trampolines_end = .
 *(.jumptables)
 *(.jumptables*)
 *(.lowtext)
 *(.lowtext*)
                0x00000026                __ctors_start = .
 *(.ctors)
                0x00000026                __ctors_end = .
                0x00000026                __dtors_start = .
 *(.dtors)
                0x00000026                __dtors_end = .
 SORT(*)(.ctors)
 SORT(*)(.dtors)
 *(.init0)
 .init0         0x00000026        0x0 c:/winavr-20100110/bin/../lib/gcc/avr/4.3.3/../../../../avr/lib/avr4/crtm8.o
                0x00000026                __init
 *(.init0)
 *(.init1)
 *(.init1)
 *(.init2)
 .init2         0x00000026        0xc c:/winavr-20100110/bin/../lib/gcc/avr/4.3.3/../../../../avr/lib/avr4/crtm8.o
 *(.init2)
 *(.init3)
 *(.init3)
 *(.init4)
 .init4         0x00000032       0x16 c:/winavr-20100110/bin/../lib/gcc/avr/4.3.3/avr4\libgcc.a(_copy_data.o)
                0x00000032                __do_copy_data
 .init4         0x00000048       0x10 c:/winavr-20100110/bin/../lib/gcc/avr/4.3.3/avr4\libgcc.a(_clear_bss.o)
                0x00000048                __do_clear_bss
 *(.init4)
 *(.init5)
 *(.init5)
 *(.init6)
 *(.init6)
 *(.init7)
 *(.init7)
 *(.init8)
 *(.init8)
 *(.init9)
 .init9         0x00000058        0x4 c:/winavr-20100110/bin/../lib/gcc/avr/4.3.3/../../../../avr/lib/avr4/crtm8.o
 *(.init9)
 *(.text)
 .text          0x0000005c        0x2 c:/winavr-20100110/bin/../lib/gcc/avr/4.3.3/../../../../avr/lib/avr4/crtm8.o
                0x0000005c                __vector_1
                0x0000005c                __vector_12
                0x0000005c                __bad_interrupt
                0x0000005c                __vector_6
                0x0000005c                __vector_3
                0x0000005c                __vector_11
                0x0000005c                __vector_13
                0x0000005c                __vector_17
                0x0000005c                __vector_7
                0x0000005c                __vector_5
                0x0000005c                __vector_4
                0x0000005c                __vector_2
                0x0000005c                __vector_15
                0x0000005c                __vector_8
                0x0000005c                __vector_14
                0x0000005c                __vector_10
                0x0000005c                __vector_16
                0x0000005c                __vector_18
                0x0000005e                . = ALIGN (0x2)
 *(.text.*)
 .text.check_time
                0x0000005e       0xe4 main.o
                0x0000005e                check_time
 .text.spi_send
                0x00000142       0x32 main.o
                0x00000142                spi_send
 .text.max7219_writec
                0x00000174       0x2a main.o
                0x00000174                max7219_writec
 .text.max7219_clear
                0x0000019e       0x14 main.o
                0x0000019e                max7219_clear
 .text.max7219_init
                0x000001b2       0x52 main.o
                0x000001b2                max7219_init
 .text.update_display
                0x00000204       0x32 main.o
                0x00000204                update_display
 .text.image    0x00000236       0x26 main.o
                0x00000236                image
 .text.collision
                0x0000025c       0x32 main.o
                0x0000025c                collision
 .text.update_now
                0x0000028e       0xa6 main.o
                0x0000028e                update_now
 .text.main     0x00000334      0x61c main.o
                0x00000334                main
 .text.mpu6050_mahonyUpdate
                0x00000950      0x8c0 mpu6050.o
                0x00000950                mpu6050_mahonyUpdate
 .text.mpu6050_writeBytes
                0x00001210       0x44 mpu6050.o
                0x00001210                mpu6050_writeBytes
 .text.mpu6050_writeByte
                0x00001254       0x1e mpu6050.o
                0x00001254                mpu6050_writeByte
 .text.mpu6050_readBytes
                0x00001272       0x7a mpu6050.o
                0x00001272                mpu6050_readBytes
 .text.mpu6050_getRawData
                0x000012ec       0xf4 mpu6050.o
                0x000012ec                mpu6050_getRawData
 .text.mpu6050_getConvData
                0x000013e0      0x18e mpu6050.o
                0x000013e0                mpu6050_getConvData
 .text.mpu6050_readByte
                0x0000156e        0x8 mpu6050.o
                0x0000156e                mpu6050_readByte
 .text.mpu6050_writeBit
                0x00001576       0x62 mpu6050.o
                0x00001576                mpu6050_writeBit
 .text.mpu6050_setSleepDisabled
                0x000015d8        0xa mpu6050.o
                0x000015d8                mpu6050_setSleepDisabled
 .text.mpu6050_writeBits
                0x000015e2       0x88 mpu6050.o
                0x000015e2                mpu6050_writeBits
 .text.mpu6050_init
                0x0000166a       0x56 mpu6050.o
                0x0000166a                mpu6050_init
 .text.mpu6050_readBit
                0x000016c0       0x40 mpu6050.o
                0x000016c0                mpu6050_readBit
 .text.mpu6050_updateQuaternion
                0x00001700      0x218 mpu6050.o
                0x00001700                mpu6050_updateQuaternion
 .text.__vector_9
                0x00001918       0x46 mpu6050.o
                0x00001918                __vector_9
 .text.i2c_init
                0x0000195e        0x8 twimastertimeout.o
                0x0000195e                i2c_init
 .text.i2c_start
                0x00001966       0x84 twimastertimeout.o
                0x00001966                i2c_start
 .text.i2c_stop
                0x000019ea       0x20 twimastertimeout.o
                0x000019ea                i2c_stop
 .text.i2c_write
                0x00001a0a       0x42 twimastertimeout.o
                0x00001a0a                i2c_write
 .text.i2c_readAck
                0x00001a4c       0x34 twimastertimeout.o
                0x00001a4c                i2c_readAck
 .text.i2c_readNak
                0x00001a80       0x34 twimastertimeout.o
                0x00001a80                i2c_readNak
 .text.avr-libc.fplib
                0x00001ab4        0xa c:/winavr-20100110/bin/../lib/gcc/avr/4.3.3/../../../../avr/lib/avr4\libm.a(addsf3.o)
                0x00001ab4                __subsf3
                0x00001ab6                __addsf3
 .text.avr-libc.fplib
                0x00001abe       0xc0 c:/winavr-20100110/bin/../lib/gcc/avr/4.3.3/../../../../avr/lib/avr4\libm.a(addsf3x.o)
                0x00001ad8                __addsf3x
 .text.avr-libc.fplib
                0x00001b7e        0x8 c:/winavr-20100110/bin/../lib/gcc/avr/4.3.3/../../../../avr/lib/avr4\libm.a(cmpsf2.o)
                0x00001b7e                __lesf2
                0x00001b7e                __nesf2
                0x00001b7e                __eqsf2
                0x00001b7e                __cmpsf2
                0x00001b7e                __ltsf2
 .text.avr-libc.fplib
                0x00001b86        0x4 c:/winavr-20100110/bin/../lib/gcc/avr/4.3.3/../../../../avr/lib/avr4\libm.a(divsf3.o)
                0x00001b86                __divsf3
 .text.avr-libc.fplib
                0x00001b8a       0xcc c:/winavr-20100110/bin/../lib/gcc/avr/4.3.3/../../../../avr/lib/avr4\libm.a(divsf3x.o)
                0x00001ba0                __divsf3x
                0x00001ba4                __divsf3_pse
 .text.avr-libc.fplib
                0x00001c56       0x58 c:/winavr-20100110/bin/../lib/gcc/avr/4.3.3/../../../../avr/lib/avr4\libm.a(fixunssfsi.o)
                0x00001c56                __fixunssfsi
 .text.avr-libc.fplib
                0x00001cae       0x7a c:/winavr-20100110/bin/../lib/gcc/avr/4.3.3/../../../../avr/lib/avr4\libm.a(floatsisf.o)
                0x00001cb2                __floatsisf
                0x00001cae                __floatunsisf
 .text.avr-libc.fplib
                0x00001d28       0x48 c:/winavr-20100110/bin/../lib/gcc/avr/4.3.3/../../../../avr/lib/avr4\libm.a(fp_cmp.o)
                0x00001d28                __fp_cmp
 .text.avr-libc.fplib
                0x00001d70        0xc c:/winavr-20100110/bin/../lib/gcc/avr/4.3.3/../../../../avr/lib/avr4\libm.a(fp_inf.o)
                0x00001d70                __fp_inf
 .text.avr-libc.fplib
                0x00001d7c        0x6 c:/winavr-20100110/bin/../lib/gcc/avr/4.3.3/../../../../avr/lib/avr4\libm.a(fp_nan.o)
                0x00001d7c                __fp_nan
 .text.avr-libc.fplib
                0x00001d82        0xe c:/winavr-20100110/bin/../lib/gcc/avr/4.3.3/../../../../avr/lib/avr4\libm.a(fp_pscA.o)
                0x00001d82                __fp_pscA
 .text.avr-libc.fplib
                0x00001d90        0xe c:/winavr-20100110/bin/../lib/gcc/avr/4.3.3/../../../../avr/lib/avr4\libm.a(fp_pscB.o)
                0x00001d90                __fp_pscB
 .text.avr-libc.fplib
                0x00001d9e       0x22 c:/winavr-20100110/bin/../lib/gcc/avr/4.3.3/../../../../avr/lib/avr4\libm.a(fp_round.o)
                0x00001d9e                __fp_round
 .text.avr-libc.fplib
                0x00001dc0       0x44 c:/winavr-20100110/bin/../lib/gcc/avr/4.3.3/../../../../avr/lib/avr4\libm.a(fp_split3.o)
                0x00001dc0                __fp_split3
                0x00001dd0                __fp_splitA
 .text.avr-libc.fplib
                0x00001e04        0xe c:/winavr-20100110/bin/../lib/gcc/avr/4.3.3/../../../../avr/lib/avr4\libm.a(fp_zero.o)
                0x00001e04                __fp_zero
                0x00001e06                __fp_szero
 .text.avr-libc.fplib
                0x00001e12        0x8 c:/winavr-20100110/bin/../lib/gcc/avr/4.3.3/../../../../avr/lib/avr4\libm.a(gesf2.o)
                0x00001e12                __gtsf2
                0x00001e12                __gesf2
 .text.avr-libc.fplib
                0x00001e1a        0x4 c:/winavr-20100110/bin/../lib/gcc/avr/4.3.3/../../../../avr/lib/avr4\libm.a(mulsf3.o)
                0x00001e1a                __mulsf3
 .text.avr-libc.fplib
                0x00001e1e       0xc2 c:/winavr-20100110/bin/../lib/gcc/avr/4.3.3/../../../../avr/lib/avr4\libm.a(mulsf3x.o)
                0x00001e36                __mulsf3_pse
                0x00001e32                __mulsf3x
 .text.avr-libc.fplib
                0x00001ee0       0x84 c:/winavr-20100110/bin/../lib/gcc/avr/4.3.3/../../../../avr/lib/avr4\libm.a(sqrt.o)
                0x00001ee8                sqrt
 .text.avr-libc.fplib
                0x00001f64       0x1c c:/winavr-20100110/bin/../lib/gcc/avr/4.3.3/../../../../avr/lib/avr4\libm.a(fp_mpack.o)
                0x00001f68                __fp_mpack_finite
                0x00001f64                __fp_mpack
 .text.avr-libc.fplib
                0x00001f80        0xe c:/winavr-20100110/bin/../lib/gcc/avr/4.3.3/../../../../avr/lib/avr4\libm.a(fp_norm2.o)
                0x00001f80                __fp_norm2
 .text.avr-libc
                0x00001f8e       0x1e c:/winavr-20100110/bin/../lib/gcc/avr/4.3.3/../../../../avr/lib/avr4\libc.a(strncpy.o)
                0x00001f8e                strncpy
                0x00001fac                . = ALIGN (0x2)
 *(.fini9)
 .fini9         0x00001fac        0x0 c:/winavr-20100110/bin/../lib/gcc/avr/4.3.3/avr4\libgcc.a(_exit.o)
                0x00001fac                exit
                0x00001fac                _exit
 *(.fini9)
 *(.fini8)
 *(.fini8)
 *(.fini7)
 *(.fini7)
 *(.fini6)
 *(.fini6)
 *(.fini5)
 *(.fini5)
 *(.fini4)
 *(.fini4)
 *(.fini3)
 *(.fini3)
 *(.fini2)
 *(.fini2)
 *(.fini1)
 *(.fini1)
 *(.fini0)
 .fini0         0x00001fac        0x4 c:/winavr-20100110/bin/../lib/gcc/avr/4.3.3/avr4\libgcc.a(_exit.o)
 *(.fini0)
                0x00001fb0                _etext = .

.data           0x00800060       0x4e load address 0x00001fb0
                0x00800060                PROVIDE (__data_start, .)
 *(.data)
 *(.data*)
 .data.x        0x00800060        0x2 main.o
                0x00800060                x
 .data.y        0x00800062        0x2 main.o
                0x00800062                y
 .data.menu     0x00800064        0x2 main.o
                0x00800064                menu
 .data.state    0x00800066        0x2 main.o
                0x00800066                state
 .data.win      0x00800068        0x8 main.o
                0x00800068                win
 .data.menuLevel1
                0x00800070        0x8 main.o
                0x00800070                menuLevel1
 .data.menuLevel2
                0x00800078        0x8 main.o
                0x00800078                menuLevel2
 .data.menuLevel3
                0x00800080        0x8 main.o
                0x00800080                menuLevel3
 .data.menuLevel4
                0x00800088        0x8 main.o
                0x00800088                menuLevel4
 .data.mazeLevel2
                0x00800090        0x8 main.o
                0x00800090                mazeLevel2
 .data.mazeLevel3
                0x00800098        0x8 main.o
                0x00800098                mazeLevel3
 .data.mazeLevel4
                0x008000a0        0x8 main.o
                0x008000a0                mazeLevel4
 .data.button_state.1769
                0x008000a8        0x1 main.o
 .data.button_state.1782
                0x008000a9        0x1 main.o
 .data.q0       0x008000aa        0x4 mpu6050.o
                0x008000aa                q0
 *(.rodata)
 *(.rodata*)
 *(.gnu.linkonce.d*)
                0x008000ae                . = ALIGN (0x2)
                0x008000ae                _edata = .
                0x008000ae                PROVIDE (__data_end, .)

.bss            0x008000ae       0x4d
                0x008000ae                PROVIDE (__bss_start, .)
 *(.bss)
 *(.bss*)
 .bss.button6_down
                0x008000ae        0x1 main.o
                0x008000ae                button6_down
 .bss.button7_down
                0x008000af        0x1 main.o
                0x008000af                button7_down
 .bss.time      0x008000b0        0x2 main.o
                0x008000b0                time
 .bss.now       0x008000b2        0x8 main.o
                0x008000b2                now
 .bss.current_level
                0x008000ba        0x8 main.o
                0x008000ba                current_level
 .bss.mazeLevel1
                0x008000c2        0x8 main.o
                0x008000c2                mazeLevel1
 .bss.count.1768
                0x008000ca        0x1 main.o
 .bss.count.1781
                0x008000cb        0x1 main.o
 .bss.q1        0x008000cc        0x4 mpu6050.o
                0x008000cc                q1
 .bss.q2        0x008000d0        0x4 mpu6050.o
                0x008000d0                q2
 .bss.q3        0x008000d4        0x4 mpu6050.o
                0x008000d4                q3
 .bss.integralFBx
                0x008000d8        0x4 mpu6050.o
                0x008000d8                integralFBx
 .bss.integralFBy
                0x008000dc        0x4 mpu6050.o
                0x008000dc                integralFBy
 .bss.integralFBz
                0x008000e0        0x4 mpu6050.o
                0x008000e0                integralFBz
 *(COMMON)
 COMMON         0x008000e4        0x9 main.o
                0x008000e4                display
                0x008000ec                row
 COMMON         0x008000ed        0xe mpu6050.o
                0x008000ed                buffer
                0x008000fb                PROVIDE (__bss_end, .)
                0x00001fb0                __data_load_start = LOADADDR (.data)
                0x00001ffe                __data_load_end = (__data_load_start + SIZEOF (.data))

.noinit         0x008000fb        0x0
                0x008000fb                PROVIDE (__noinit_start, .)
 *(.noinit*)
                0x008000fb                PROVIDE (__noinit_end, .)
                0x008000fb                _end = .
                0x008000fb                PROVIDE (__heap_start, .)

.eeprom         0x00810000        0x0
 *(.eeprom*)
                0x00810000                __eeprom_end = .

.fuse
 *(.fuse)
 *(.lfuse)
 *(.hfuse)
 *(.efuse)

.lock
 *(.lock*)

.signature
 *(.signature*)

.stab
 *(.stab)

.stabstr
 *(.stabstr)

.stab.excl
 *(.stab.excl)

.stab.exclstr
 *(.stab.exclstr)

.stab.index
 *(.stab.index)

.stab.indexstr
 *(.stab.indexstr)

.comment
 *(.comment)

.debug
 *(.debug)

.line
 *(.line)

.debug_srcinfo
 *(.debug_srcinfo)

.debug_sfnames
 *(.debug_sfnames)

.debug_aranges  0x00000000      0x178
 *(.debug_aranges)
 .debug_aranges
                0x00000000       0x70 main.o
 .debug_aranges
                0x00000070       0xb0 mpu6050.o
 .debug_aranges
                0x00000120       0x58 twimastertimeout.o

.debug_pubnames
                0x00000000      0x46f
 *(.debug_pubnames)
 .debug_pubnames
                0x00000000      0x1be main.o
 .debug_pubnames
                0x000001be      0x224 mpu6050.o
 .debug_pubnames
                0x000003e2       0x8d twimastertimeout.o

.debug_info     0x00000000     0x1356
 *(.debug_info)
 .debug_info    0x00000000      0x6c5 main.o
 .debug_info    0x000006c5      0xa0d mpu6050.o
 .debug_info    0x000010d2       0x5e mpu6050dmp6.o
 .debug_info    0x00001130      0x226 twimastertimeout.o
 *(.gnu.linkonce.wi.*)

.debug_abbrev   0x00000000      0x5f3
 *(.debug_abbrev)
 .debug_abbrev  0x00000000      0x258 main.o
 .debug_abbrev  0x00000258      0x2a2 mpu6050.o
 .debug_abbrev  0x000004fa       0x2a mpu6050dmp6.o
 .debug_abbrev  0x00000524       0xcf twimastertimeout.o

.debug_line     0x00000000     0x12ac
 *(.debug_line)
 .debug_line    0x00000000      0x892 main.o
 .debug_line    0x00000892      0x718 mpu6050.o
 .debug_line    0x00000faa       0x3e mpu6050dmp6.o
 .debug_line    0x00000fe8      0x2c4 twimastertimeout.o

.debug_frame    0x00000000      0x290
 *(.debug_frame)
 .debug_frame   0x00000000       0xc0 main.o
 .debug_frame   0x000000c0      0x140 mpu6050.o
 .debug_frame   0x00000200       0x90 twimastertimeout.o

.debug_str      0x00000000      0x551
 *(.debug_str)
 .debug_str     0x00000000      0x272 main.o
                                0x2c7 (size before relaxing)
 .debug_str     0x00000272      0x239 mpu6050.o
                                0x368 (size before relaxing)
 .debug_str     0x000004ab       0x13 mpu6050dmp6.o
                                 0xce (size before relaxing)
 .debug_str     0x000004be       0x93 twimastertimeout.o
                                0x15b (size before relaxing)

.debug_loc      0x00000000      0xe63
 *(.debug_loc)
 .debug_loc     0x00000000      0x316 main.o
 .debug_loc     0x00000316      0xa78 mpu6050.o
 .debug_loc     0x00000d8e       0xd5 twimastertimeout.o

.debug_macinfo
 *(.debug_macinfo)
OUTPUT(digital_ball_excercise.elf elf32-avr)
LOAD linker stubs

.debug_ranges   0x00000000      0x1a8
 .debug_ranges  0x00000000       0x68 main.o
 .debug_ranges  0x00000068       0xf0 mpu6050.o
 .debug_ranges  0x00000158       0x50 twimastertimeout.o
